
======================== run_all.py START 【2026-10-09 10:09:19】 ========================
antelope 全流程（模板层 ①②③ 自动跳过 + 数据层 ④~⑨ 重跑）  类别: addr_de_pants
✅ ① 模板解析 B → blank.json 跳过：addr_de_pants_blank.json 已是最新（模板未变，复用缓存）
✅ ② 模板解析 C → completed.json 跳过：addr_de_pants_completed.json 已是最新（模板未变，复用缓存）
✅ ③ 列差异（C − B）→ column_diff.json 跳过：addr_de_pants_column_diff.json 已是最新（模板未变，复用缓存）

▶ ④ 分组（数据源 A 锚点）→ groups.json

│   ┌─ 子程序 build_groups_from_excel.py START 【2026-10-09 10:09:19】
│   ✅ 分组完成：113 个锚点 -> 113 组，共 6832 行（实际行号，无偏移）
│   📄 已写入: D:\FW20260325\besskyproject\dealExcel_refactoring\antelope\intermediate\addr_de_pants\addr_de_pants_groups.json
│   └─ 子程序 build_groups_from_excel.py END 【2026-10-09 10:09:20】 【总用时 1.368 秒】

✅ ④ 分组（数据源 A 锚点）→ groups.json OK

▶ ⑤ A 取数（col_mapping）→ data.json

│   ┌─ 子程序 build_data_from_excel.py START 【2026-10-09 10:09:21】
│   ✅ 取数完成：113 组，共 2825 个「组×列」（源列 23 个）
│   📄 已写入: D:\FW20260325\besskyproject\dealExcel_refactoring\antelope\intermediate\addr_de_pants\addr_de_pants_data.json
│   └─ 子程序 build_data_from_excel.py END 【2026-10-09 10:09:22】 【总用时 1.714 秒】

✅ ⑤ A 取数（col_mapping）→ data.json OK

▶ ⑥ M 占位生成 → .xlsx_dataSource_m.json

│   ┌─ 子程序 build_m_data.py START 【2026-10-09 10:09:23】
│   ✅ M 占位生成：2034 个「组×列」（占位 dataTemp；col_scope 43 列，A 已覆盖 25 列）
│   📄 已写入: D:\FW20260325\besskyproject\dealExcel_refactoring\antelope\intermediate\addr_de_pants\.xlsx_dataSource_m.json
│   └─ 子程序 build_m_data.py END 【2026-10-09 10:09:23】 【总用时 0.175 秒】

✅ ⑥ M 占位生成 → .xlsx_dataSource_m.json OK

▶ ⑦ AI 网页选值（有可选值列，弹浏览器）

│   ┌─ 子程序 ai_pick_attributes.py START 【2026-10-09 10:09:23】
│   ℹ️ 有可选值但由 A 覆盖、不进 AI 的列（由 A 数据填充）: [(57, 'Bekleidungsgröße'), (73, 'Farbzuordnung'), (208, 'Ihr Preis EUR (Bei Amazon verkaufen, DE)')]
│   产品列表（数据源 A Sheet0 提取）：113 个
│   🤖 AI 选值列（有可选值的未覆盖列，按批询问，每批 10 条）:
│      45: Besondere Eigenschaften（37 个可选值）
│      50: Lifestyle（6 个可选值）
│      51: Stil（24 个可选值）
│      70: Artikeltyp – Name（31 个可选值）
│      84: Thema（29 个可选值）
│      85: Passform（13 个可选值）
│      87: Hosenbeinart（11 个可选值）
│      89: Webart（11 个可选值）
│      90: Waschung（3 个可选值）
│      94: Sitz（3 个可选值）
│      112: Muster（26 个可选值）
│      121: Sportart（66 个可选值）
│      148: Verschlussart（12 个可选值）
│      150: Formtyp der Hose（15 个可选值）
│   产品共 113 个，按每批 10 个分为 12 批（最后一批 3 个）
│   ✅ groups.json 未变：已有回答全部复用（个别批次缺回答则再询问）
│   📄 提示词: attributes_batch01.txt（产品 1~10）
│   ✅ 批次 1/12（复用 attributes_batch01_result.txt）：写入 140 个「组×列」，占位 0
│   📄 提示词: attributes_batch02.txt（产品 11~20）
│   ✅ 批次 2/12（复用 attributes_batch02_result.txt）：写入 140 个「组×列」，占位 0
│   📄 提示词: attributes_batch03.txt（产品 21~30）
│   ✅ 批次 3/12（复用 attributes_batch03_result.txt）：写入 140 个「组×列」，占位 0
│   📄 提示词: attributes_batch04.txt（产品 31~40）
│   ✅ 批次 4/12（复用 attributes_batch04_result.txt）：写入 140 个「组×列」，占位 0
│   📄 提示词: attributes_batch05.txt（产品 41~50）
│   ✅ 批次 5/12（复用 attributes_batch05_result.txt）：写入 140 个「组×列」，占位 0
│   📄 提示词: attributes_batch06.txt（产品 51~60）
│   ✅ 批次 6/12（复用 attributes_batch06_result.txt）：写入 140 个「组×列」，占位 0
│   📄 提示词: attributes_batch07.txt（产品 61~70）
│   ✅ 批次 7/12（复用 attributes_batch07_result.txt）：写入 140 个「组×列」，占位 0
│   📄 提示词: attributes_batch08.txt（产品 71~80）
│   ✅ 批次 8/12（复用 attributes_batch08_result.txt）：写入 140 个「组×列」，占位 0
│   📄 提示词: attributes_batch09.txt（产品 81~90）
│   ✅ 批次 9/12（复用 attributes_batch09_result.txt）：写入 140 个「组×列」，占位 0
│   📄 提示词: attributes_batch10.txt（产品 91~100）
│   ✅ 批次 10/12（复用 attributes_batch10_result.txt）：写入 140 个「组×列」，占位 0
│   📄 提示词: attributes_batch11.txt（产品 101~110）
│   ✅ 批次 11/12（复用 attributes_batch11_result.txt）：写入 140 个「组×列」，占位 0
│   📄 提示词: attributes_batch12.txt（产品 111~113）
│   ✅ 批次 12/12（复用 attributes_batch12_result.txt）：写入 42 个「组×列」，占位 0
│   所有批次均已有回答结果，无需打开网页。

│   M 数据源已更新: D:\FW20260325\besskyproject\dealExcel_refactoring\antelope\intermediate\addr_de_pants\.xlsx_dataSource_m.json
│   ✅ 校验通过：14 个有可选值列均无占位残留
│   └─ 子程序 ai_pick_attributes.py END 【2026-10-09 10:10:25】 【总用时 1:01.627】

✅ ⑦ AI 网页选值（有可选值列，弹浏览器） OK

▶ ⑧ 生成 plan → D:\FW20260325\besskyproject\dealExcel_refactoring\antelope\fill_plan\addr_de_pants_fill_framework.json

│   ┌─ 子程序 build_fill_framework.py START 【2026-10-09 10:10:25】
│   ✅ M 数据合并：2034 个「组×列」由 M 补充（来源 D:\FW20260325\besskyproject\dealExcel_refactoring\antelope\intermediate\addr_de_pants\.xlsx_dataSource_m.json）
│   ⚠️ mode_customise 忽略无法识别的键 'addr_fr_tops'（请写列字母如 "AT"，或列号如 "46"）
│   ⚠️ mode_customise 忽略无法识别的键 'yass_fr_coat'（请写列字母如 "AT"，或列号如 "46"）
│   🎯 目标列（A 未覆盖 且 无可选值）4 个: [17, 18, 38, 44]（配置 D:\FW20260325\besskyproject\dealExcel_refactoring\antelope\intermediate_tpl\column_defaults.json）
│   ✅ 列Q(17) (Modellnummer) ← 指定值(序列) 'Hltr-0001'→'Hltr-6832' 填 6832 行 [首=Hltr-0001 末=Hltr-6832]
│   ✅ 列R(18) (Modellname) ← 指定值 'thermo jogginghose herren' 填 6832 行 [首=thermo jogginghose herren 末=thermo jogginghose herren]
│   ✅ 列AL(38) (Beschreibung des Produkts) ← 指定值 'Diese vielseitige Herrenhose verbindet eine ausgewogene Silhouette mit praktischen Details und lässt sich je nach Modell für Freizeit, Sport, Beruf, Reisen oder Aktivitäten im Freien kombinieren, während Schnitt, Bundgestaltung und sichtbare Akzente den jeweiligen Stil prägen.' 填 6832 行 [首=Diese vielseitige Herrenhose… 末=Diese vielseitige Herrenhose…]
│   ✅ 列AR(44) (Suchbegriffe) ← 文件 D:\FW20260325\besskyproject\dealExcel_refactoring\antelope\values\yass_de_pants.txt（460 行） 填 6832 行 [首=polyesterhose moderne sporth… 末=herren mittelalter hose vint…]
│   📌 目标列 4 个：已配置 4 / 未配置 0 / 跳过 0（数据 6832 行、113 组，组区间连续）
│   ✅ 有可选值列校验通过（14 列无占位残留）: [45, 50, 51, 70, 84, 85, 87, 89, 90, 94, 112, 121, 148, 150]
│   ✅ plan 已生成: D:\FW20260325\besskyproject\dealExcel_refactoring\antelope\fill_plan\addr_de_pants_fill_framework.json
│      col_scope 43 列: [1, 5, 7, 8, 17, 18, 22, 23, 24, 25, 26, 27, 28, 29, 30, 38, 39, 40, 41, 42, 43, 44, 45, 50, 51, 57, 70, 73, 74, 84, 85, 87, 89, 90, 94, 112, 121, 148, 150, 168, 178, 208, 240]
│      groups 113 组（来源 D:\FW20260325\besskyproject\dealExcel_refactoring\antelope\intermediate\addr_de_pants\addr_de_pants_groups.json）
│      template_file: D:\FW20260325\besskyproject\dealExcel_refactoring\antelope\xlsm\pants_herren_temp_init.xlsm
│   └─ 子程序 build_fill_framework.py END 【2026-10-09 10:10:26】 【总用时 0.475 秒】

✅ ⑧ 生成 plan → D:\FW20260325\besskyproject\dealExcel_refactoring\antelope\fill_plan\addr_de_pants_fill_framework.json OK

▶ ⑨ 填充模板副本 → D:\FW20260325\besskyproject\dealExcel_refactoring\outputs\addr_de_pants_filled.xlsm

│   ┌─ 子程序 fill_from_plan.py START 【2026-10-09 10:10:26】
│   参数: D:\FW20260325\besskyproject\dealExcel_refactoring\antelope\fill_plan\addr_de_pants_fill_framework.json -o D:\FW20260325\besskyproject\dealExcel_refactoring\outputs\addr_de_pants_filled.xlsm
│   Traceback (most recent call last):
│     File "D:\FW20260325\besskyproject\dealExcel_refactoring\antelope\fill_from_plan.py", line 323, in <module>
│       main()
│       ~~~~^^
│     File "D:\FW20260325\besskyproject\dealExcel_refactoring\antelope\fill_from_plan.py", line 272, in main
│       ws.delete_rows(max_filled_row + 1, rows_to_delete)
│       ~~~~~~~~~~~~~~^^^^^^^^^^^^^^^^^^^^^^^^^^^^^^^^^^^^
│     File "D:\FW20260325\python\Lib\site-packages\openpyxl\worksheet\worksheet.py", line 746, in delete_rows
│       if (row, col) in self._cells:
│          ^^^^^^^^^^^^^^^^^^^^^^^^^
│   KeyboardInterrupt
│   └─ 子程序 fill_from_plan.py END 【2026-10-09 10:10:29】 【总用时 3.699 秒】

Traceback (most recent call last):
  File "D:\FW20260325\besskyproject\dealExcel_refactoring\antelope\run_all.py", line 138, in <module>
    main()
    ~~~~^^
  File "D:\FW20260325\besskyproject\dealExcel_refactoring\antelope\run_all.py", line 131, in main
    run_step("⑨ 填充模板副本 → " + zcfg.CFG_RUN["plan_output_file"], fill_cmd)            # 已完成可注释本行
    ~~~~~~~~^^^^^^^^^^^^^^^^^^^^^^^^^^^^^^^^^^^^^^^^^^^^^^^^^^^^^^^^^^^^^^^^^^
  File "D:\FW20260325\besskyproject\dealExcel_refactoring\antelope\run_all.py", line 48, in run_step
    result = subprocess.run(cmd, cwd=BASE)
  File "D:\FW20260325\python\Lib\subprocess.py", line 556, in run
    stdout, stderr = process.communicate(input, timeout=timeout)
                     ~~~~~~~~~~~~~~~~~~~^^^^^^^^^^^^^^^^^^^^^^^^
  File "D:\FW20260325\python\Lib\subprocess.py", line 1214, in communicate
    self.wait()
    ~~~~~~~~~^^
  File "D:\FW20260325\python\Lib\subprocess.py", line 1280, in wait
    return self._wait(timeout=timeout)
           ~~~~~~~~~~^^^^^^^^^^^^^^^^^
  File "D:\FW20260325\python\Lib\subprocess.py", line 1606, in _wait
    result = _winapi.WaitForSingleObject(self._handle,
                                         timeout_millis)
KeyboardInterrupt
================= run_all.py END 【2026-10-09 10:10:30】 【总用时 1:11.391】 ==================

